[    6493ms] [INFO] %cDownload the React DevTools for a better development experience: https://react.dev/link/react-devtools font-weight:bold @ http://localhost:3011/_next/static/chunks/node_modules_next_dist_115brz8._.js:2477
[    6763ms] [LOG] [HMR] connected @ http://localhost:3011/_next/static/chunks/node_modules_next_dist_115brz8._.js:2477
[    7129ms] [WARNING] Image with src "/images/bitzsznn-logo.png" was detected as the Largest Contentful Paint (LCP). Please add the `loading="eager"` property if this image is above the fold.
Read more: https://nextjs.org/docs/app/api-reference/components/image#loading @ http://localhost:3011/_next/static/chunks/node_modules_next_dist_115brz8._.js:2477
[    7135ms] [ERROR] Failed to load resource: the server responded with a status of 404 (Not Found) @ http://localhost:3011/favicon.ico:0
[    7136ms] [LOG] [Fast Refresh] rebuilding @ http://localhost:3011/_next/static/chunks/node_modules_next_dist_115brz8._.js:2477
[    8882ms] [LOG] [Fast Refresh] done in 1952ms @ http://localhost:3011/_next/static/chunks/node_modules_next_dist_115brz8._.js:2477
[   46673ms] [LOG] [Fast Refresh] rebuilding @ http://localhost:3011/_next/static/chunks/node_modules_next_dist_115brz8._.js:2477
[   46691ms] [LOG] [Fast Refresh] done in 132ms @ http://localhost:3011/_next/static/chunks/node_modules_next_dist_115brz8._.js:2477
[  124608ms] [LOG] [Fast Refresh] rebuilding @ http://localhost:3011/_next/static/chunks/node_modules_next_dist_115brz8._.js:2477
[  125163ms] [LOG] [Fast Refresh] done in 665ms @ http://localhost:3011/_next/static/chunks/node_modules_next_dist_115brz8._.js:2477
[  125568ms] [WARNING] Image with src "/images/homepage-last-dance.jpg" was detected as the Largest Contentful Paint (LCP). Please add the `loading="eager"` property if this image is above the fold.
Read more: https://nextjs.org/docs/app/api-reference/components/image#loading @ http://localhost:3011/_next/static/chunks/node_modules_next_dist_115brz8._.js:2477
[  209258ms] [ERROR] WebSocket connection to 'ws://localhost:3011/_next/webpack-hmr?id=JmHrSfbZ3JIe6GvxQvq9n' failed: Error in connection establishment: net::ERR_CONNECTION_REFUSED @ http://localhost:3011/_next/static/chunks/node_modules_next_dist_client_0fhqo1d._.js:13322
[  212602ms] [ERROR] WebSocket connection to 'ws://localhost:3011/_next/webpack-hmr?id=JmHrSfbZ3JIe6GvxQvq9n' failed: Error in connection establishment: net::ERR_CONNECTION_REFUSED @ http://localhost:3011/_next/static/chunks/node_modules_next_dist_client_0fhqo1d._.js:13322
[  215944ms] [ERROR] WebSocket connection to 'ws://localhost:3011/_next/webpack-hmr?id=JmHrSfbZ3JIe6GvxQvq9n' failed: Error in connection establishment: net::ERR_CONNECTION_REFUSED @ http://localhost:3011/_next/static/chunks/node_modules_next_dist_client_0fhqo1d._.js:13322
[  219291ms] [ERROR] WebSocket connection to 'ws://localhost:3011/_next/webpack-hmr?id=JmHrSfbZ3JIe6GvxQvq9n' failed: Error in connection establishment: net::ERR_CONNECTION_REFUSED @ http://localhost:3011/_next/static/chunks/node_modules_next_dist_client_0fhqo1d._.js:13322
[  222653ms] [ERROR] WebSocket connection to 'ws://localhost:3011/_next/webpack-hmr?id=JmHrSfbZ3JIe6GvxQvq9n' failed: Error in connection establishment: net::ERR_CONNECTION_REFUSED @ http://localhost:3011/_next/static/chunks/node_modules_next_dist_client_0fhqo1d._.js:13322
[  229996ms] [ERROR] WebSocket connection to 'ws://localhost:3011/_next/webpack-hmr?id=JmHrSfbZ3JIe6GvxQvq9n' failed: Error in connection establishment: net::ERR_CONNECTION_REFUSED @ http://localhost:3011/_next/static/chunks/node_modules_next_dist_client_0fhqo1d._.js:13322
[  237343ms] [ERROR] WebSocket connection to 'ws://localhost:3011/_next/webpack-hmr?id=JmHrSfbZ3JIe6GvxQvq9n' failed: Error in connection establishment: net::ERR_CONNECTION_REFUSED @ http://localhost:3011/_next/static/chunks/node_modules_next_dist_client_0fhqo1d._.js:13322
[  244699ms] [ERROR] WebSocket connection to 'ws://localhost:3011/_next/webpack-hmr?id=JmHrSfbZ3JIe6GvxQvq9n' failed: Error in connection establishment: net::ERR_CONNECTION_REFUSED @ http://localhost:3011/_next/static/chunks/node_modules_next_dist_client_0fhqo1d._.js:13322
[  252069ms] [ERROR] WebSocket connection to 'ws://localhost:3011/_next/webpack-hmr?id=JmHrSfbZ3JIe6GvxQvq9n' failed: Error in connection establishment: net::ERR_CONNECTION_REFUSED @ http://localhost:3011/_next/static/chunks/node_modules_next_dist_client_0fhqo1d._.js:13322
[  259451ms] [ERROR] WebSocket connection to 'ws://localhost:3011/_next/webpack-hmr?id=JmHrSfbZ3JIe6GvxQvq9n' failed: Error in connection establishment: net::ERR_CONNECTION_REFUSED @ http://localhost:3011/_next/static/chunks/node_modules_next_dist_client_0fhqo1d._.js:13322
[  266786ms] [ERROR] WebSocket connection to 'ws://localhost:3011/_next/webpack-hmr?id=JmHrSfbZ3JIe6GvxQvq9n' failed: Error in connection establishment: net::ERR_CONNECTION_REFUSED @ http://localhost:3011/_next/static/chunks/node_modules_next_dist_client_0fhqo1d._.js:13322
[  274155ms] [ERROR] WebSocket connection to 'ws://localhost:3011/_next/webpack-hmr?id=JmHrSfbZ3JIe6GvxQvq9n' failed: Error in connection establishment: net::ERR_CONNECTION_REFUSED @ http://localhost:3011/_next/static/chunks/node_modules_next_dist_client_0fhqo1d._.js:13322
