[    2984ms] [INFO] %cDownload the React DevTools for a better development experience: https://react.dev/link/react-devtools font-weight:bold @ http://localhost:3013/_next/static/chunks/node_modules_next_dist_115brz8._.js:2477
[    3457ms] [LOG] [HMR] connected @ http://localhost:3013/_next/static/chunks/node_modules_next_dist_115brz8._.js:2477
[    3841ms] [WARNING] Image with src "/images/bitzsznn-logo.png" was detected as the Largest Contentful Paint (LCP). Please add the `loading="eager"` property if this image is above the fold.
Read more: https://nextjs.org/docs/app/api-reference/components/image#loading @ http://localhost:3013/_next/static/chunks/node_modules_next_dist_115brz8._.js:2477
[    3847ms] [ERROR] Failed to load resource: the server responded with a status of 404 (Not Found) @ http://localhost:3013/favicon.ico:0
[    3979ms] [LOG] [Fast Refresh] rebuilding @ http://localhost:3013/_next/static/chunks/node_modules_next_dist_115brz8._.js:2477
[    5074ms] [LOG] [Fast Refresh] done in 1316ms @ http://localhost:3013/_next/static/chunks/node_modules_next_dist_115brz8._.js:2477
[   27310ms] [WARNING] Image with src "/images/homepage-last-dance.jpg" was detected as the Largest Contentful Paint (LCP). Please add the `loading="eager"` property if this image is above the fold.
Read more: https://nextjs.org/docs/app/api-reference/components/image#loading @ http://localhost:3013/_next/static/chunks/node_modules_next_dist_115brz8._.js:2477
[   28185ms] [LOG] [Fast Refresh] rebuilding @ http://localhost:3013/_next/static/chunks/node_modules_next_dist_115brz8._.js:2477
[   28352ms] [LOG] [Fast Refresh] done in 281ms @ http://localhost:3013/_next/static/chunks/node_modules_next_dist_115brz8._.js:2477
[   43783ms] [LOG] [Fast Refresh] rebuilding @ http://localhost:3013/_next/static/chunks/node_modules_next_dist_115brz8._.js:2477
[   43862ms] [LOG] [Fast Refresh] done in 179ms @ http://localhost:3013/_next/static/chunks/node_modules_next_dist_115brz8._.js:2477
[  165786ms] [ERROR] WebSocket connection to 'ws://localhost:3013/_next/webpack-hmr?id=1CaFiJXJui1ufeNtU3EYL' failed: Error in connection establishment: net::ERR_CONNECTION_REFUSED @ http://localhost:3013/_next/static/chunks/node_modules_next_dist_client_0fhqo1d._.js:13322
[  169163ms] [ERROR] WebSocket connection to 'ws://localhost:3013/_next/webpack-hmr?id=1CaFiJXJui1ufeNtU3EYL' failed: Error in connection establishment: net::ERR_CONNECTION_REFUSED @ http://localhost:3013/_next/static/chunks/node_modules_next_dist_client_0fhqo1d._.js:13322
[  172546ms] [ERROR] WebSocket connection to 'ws://localhost:3013/_next/webpack-hmr?id=1CaFiJXJui1ufeNtU3EYL' failed: Error in connection establishment: net::ERR_CONNECTION_REFUSED @ http://localhost:3013/_next/static/chunks/node_modules_next_dist_client_0fhqo1d._.js:13322
[  175920ms] [ERROR] WebSocket connection to 'ws://localhost:3013/_next/webpack-hmr?id=1CaFiJXJui1ufeNtU3EYL' failed: Error in connection establishment: net::ERR_CONNECTION_REFUSED @ http://localhost:3013/_next/static/chunks/node_modules_next_dist_client_0fhqo1d._.js:13322
[  179296ms] [ERROR] WebSocket connection to 'ws://localhost:3013/_next/webpack-hmr?id=1CaFiJXJui1ufeNtU3EYL' failed: Error in connection establishment: net::ERR_CONNECTION_REFUSED @ http://localhost:3013/_next/static/chunks/node_modules_next_dist_client_0fhqo1d._.js:13322
[  186669ms] [ERROR] WebSocket connection to 'ws://localhost:3013/_next/webpack-hmr?id=1CaFiJXJui1ufeNtU3EYL' failed: Error in connection establishment: net::ERR_CONNECTION_REFUSED @ http://localhost:3013/_next/static/chunks/node_modules_next_dist_client_0fhqo1d._.js:13322
[  194017ms] [ERROR] WebSocket connection to 'ws://localhost:3013/_next/webpack-hmr?id=1CaFiJXJui1ufeNtU3EYL' failed: Error in connection establishment: net::ERR_CONNECTION_REFUSED @ http://localhost:3013/_next/static/chunks/node_modules_next_dist_client_0fhqo1d._.js:13322
[  201370ms] [ERROR] WebSocket connection to 'ws://localhost:3013/_next/webpack-hmr?id=1CaFiJXJui1ufeNtU3EYL' failed: Error in connection establishment: net::ERR_CONNECTION_REFUSED @ http://localhost:3013/_next/static/chunks/node_modules_next_dist_client_0fhqo1d._.js:13322
[  208750ms] [ERROR] WebSocket connection to 'ws://localhost:3013/_next/webpack-hmr?id=1CaFiJXJui1ufeNtU3EYL' failed: Error in connection establishment: net::ERR_CONNECTION_REFUSED @ http://localhost:3013/_next/static/chunks/node_modules_next_dist_client_0fhqo1d._.js:13322
[  216120ms] [ERROR] WebSocket connection to 'ws://localhost:3013/_next/webpack-hmr?id=1CaFiJXJui1ufeNtU3EYL' failed: Error in connection establishment: net::ERR_CONNECTION_REFUSED @ http://localhost:3013/_next/static/chunks/node_modules_next_dist_client_0fhqo1d._.js:13322
[  223485ms] [ERROR] WebSocket connection to 'ws://localhost:3013/_next/webpack-hmr?id=1CaFiJXJui1ufeNtU3EYL' failed: Error in connection establishment: net::ERR_CONNECTION_REFUSED @ http://localhost:3013/_next/static/chunks/node_modules_next_dist_client_0fhqo1d._.js:13322
[  230868ms] [ERROR] WebSocket connection to 'ws://localhost:3013/_next/webpack-hmr?id=1CaFiJXJui1ufeNtU3EYL' failed: Error in connection establishment: net::ERR_CONNECTION_REFUSED @ http://localhost:3013/_next/static/chunks/node_modules_next_dist_client_0fhqo1d._.js:13322
