[    3289ms] [INFO] %cDownload the React DevTools for a better development experience: https://react.dev/link/react-devtools font-weight:bold @ http://localhost:3014/_next/static/chunks/node_modules_next_dist_115brz8._.js:2477
[    3769ms] [LOG] [HMR] connected @ http://localhost:3014/_next/static/chunks/node_modules_next_dist_115brz8._.js:2477
[    5001ms] [WARNING] Image with src "/images/homepage-owambe-experience.png" has "fill" prop and "sizes" prop of "100vw", but image is not rendered at full viewport width. Please adjust "sizes" to improve page performance. Read more: https://nextjs.org/docs/api-reference/next/image#sizes @ http://localhost:3014/_next/static/chunks/node_modules_next_dist_115brz8._.js:2477
[    5073ms] [WARNING] Image with src "/images/freed-at-last-batch-b1.png" was detected as the Largest Contentful Paint (LCP). Please add the `loading="eager"` property if this image is above the fold.
Read more: https://nextjs.org/docs/app/api-reference/components/image#loading @ http://localhost:3014/_next/static/chunks/node_modules_next_dist_115brz8._.js:2477
[    5255ms] [ERROR] Failed to load resource: the server responded with a status of 404 (Not Found) @ http://localhost:3014/favicon.ico:0
[    5319ms] [WARNING] Image with src "/images/events/pop-apocalypse-cover.jpg" was detected as the Largest Contentful Paint (LCP). Please add the `loading="eager"` property if this image is above the fold.
Read more: https://nextjs.org/docs/app/api-reference/components/image#loading @ http://localhost:3014/_next/static/chunks/node_modules_next_dist_115brz8._.js:2477
[    5355ms] [LOG] [Fast Refresh] rebuilding @ http://localhost:3014/_next/static/chunks/node_modules_next_dist_115brz8._.js:2477
[    5931ms] [LOG] [Fast Refresh] done in 675ms @ http://localhost:3014/_next/static/chunks/node_modules_next_dist_115brz8._.js:2477
[   24220ms] [WARNING] Image with src "/images/homepage-last-dance.jpg" was detected as the Largest Contentful Paint (LCP). Please add the `loading="eager"` property if this image is above the fold.
Read more: https://nextjs.org/docs/app/api-reference/components/image#loading @ http://localhost:3014/_next/static/chunks/node_modules_next_dist_115brz8._.js:2477
[   31768ms] [LOG] [Fast Refresh] rebuilding @ http://localhost:3014/_next/static/chunks/node_modules_next_dist_115brz8._.js:2477
[   31846ms] [LOG] [Fast Refresh] done in 180ms @ http://localhost:3014/_next/static/chunks/node_modules_next_dist_115brz8._.js:2477
[  177787ms] [LOG] [HMR] connected @ http://localhost:3014/_next/static/chunks/node_modules_next_dist_115brz8._.js:2477
[  177912ms] [LOG] [Fast Refresh] rebuilding @ http://localhost:3014/_next/static/chunks/node_modules_next_dist_115brz8._.js:2477
[  178018ms] [LOG] [Fast Refresh] done in 218ms @ http://localhost:3014/_next/static/chunks/node_modules_next_dist_115brz8._.js:2477
[  475739ms] [LOG] [Fast Refresh] rebuilding @ http://localhost:3014/_next/static/chunks/node_modules_next_dist_115brz8._.js:2477
[  477135ms] [LOG] [Fast Refresh] done in 1496ms @ http://localhost:3014/_next/static/chunks/node_modules_next_dist_115brz8._.js:2477
[  478586ms] [LOG] [Fast Refresh] rebuilding @ http://localhost:3014/_next/static/chunks/node_modules_next_dist_115brz8._.js:2477
[  478915ms] [LOG] [Fast Refresh] done in 437ms @ http://localhost:3014/_next/static/chunks/node_modules_next_dist_115brz8._.js:2477
[  479047ms] [LOG] [Fast Refresh] rebuilding @ http://localhost:3014/_next/static/chunks/node_modules_next_dist_115brz8._.js:2477
[  479537ms] [LOG] [Fast Refresh] done in 597ms @ http://localhost:3014/_next/static/chunks/node_modules_next_dist_115brz8._.js:2477
[  490587ms] [LOG] [Fast Refresh] rebuilding @ http://localhost:3014/_next/static/chunks/node_modules_next_dist_115brz8._.js:2477
[  490596ms] [LOG] [Fast Refresh] done in 118ms @ http://localhost:3014/_next/static/chunks/node_modules_next_dist_115brz8._.js:2477
[  510606ms] [LOG] [Fast Refresh] rebuilding @ http://localhost:3014/_next/static/chunks/node_modules_next_dist_115brz8._.js:2477
[  510657ms] [LOG] [Fast Refresh] done in 156ms @ http://localhost:3014/_next/static/chunks/node_modules_next_dist_115brz8._.js:2477
