[    2692ms] [INFO] %cDownload the React DevTools for a better development experience: https://react.dev/link/react-devtools font-weight:bold @ http://localhost:3012/_next/static/chunks/node_modules_next_dist_115brz8._.js:2477
[    2954ms] [LOG] [HMR] connected @ http://localhost:3012/_next/static/chunks/node_modules_next_dist_115brz8._.js:2477
[    3172ms] [ERROR] Failed to load resource: the server responded with a status of 404 (Not Found) @ http://localhost:3012/favicon.ico:0
[    3379ms] [WARNING] Image with src "/images/bitzsznn-logo.png" was detected as the Largest Contentful Paint (LCP). Please add the `loading="eager"` property if this image is above the fold.
Read more: https://nextjs.org/docs/app/api-reference/components/image#loading @ http://localhost:3012/_next/static/chunks/node_modules_next_dist_115brz8._.js:2477
[   31137ms] [WARNING] Image with src "/images/homepage-last-dance.jpg" was detected as the Largest Contentful Paint (LCP). Please add the `loading="eager"` property if this image is above the fold.
Read more: https://nextjs.org/docs/app/api-reference/components/image#loading @ http://localhost:3012/_next/static/chunks/node_modules_next_dist_115brz8._.js:2477
[   88566ms] [LOG] [Fast Refresh] rebuilding @ http://localhost:3012/_next/static/chunks/node_modules_next_dist_115brz8._.js:2477
[   88729ms] [LOG] [Fast Refresh] done in 271ms @ http://localhost:3012/_next/static/chunks/node_modules_next_dist_115brz8._.js:2477
[   93549ms] [LOG] [Fast Refresh] rebuilding @ http://localhost:3012/_next/static/chunks/node_modules_next_dist_115brz8._.js:2477
[   93738ms] [LOG] [Fast Refresh] done in 301ms @ http://localhost:3012/_next/static/chunks/node_modules_next_dist_115brz8._.js:2477
[  100877ms] [LOG] [Fast Refresh] rebuilding @ http://localhost:3012/_next/static/chunks/node_modules_next_dist_115brz8._.js:2477
[  100933ms] [LOG] [Fast Refresh] done in 171ms @ http://localhost:3012/_next/static/chunks/node_modules_next_dist_115brz8._.js:2477
[  225657ms] [ERROR] WebSocket connection to 'ws://localhost:3012/_next/webpack-hmr?id=1jjlcD_lG8n3Czwc4WhOr' failed: Error in connection establishment: net::ERR_CONNECTION_REFUSED @ http://localhost:3012/_next/static/chunks/node_modules_next_dist_client_0fhqo1d._.js:13322
[  229029ms] [ERROR] WebSocket connection to 'ws://localhost:3012/_next/webpack-hmr?id=1jjlcD_lG8n3Czwc4WhOr' failed: Error in connection establishment: net::ERR_CONNECTION_REFUSED @ http://localhost:3012/_next/static/chunks/node_modules_next_dist_client_0fhqo1d._.js:13322
[  232386ms] [ERROR] WebSocket connection to 'ws://localhost:3012/_next/webpack-hmr?id=1jjlcD_lG8n3Czwc4WhOr' failed: Error in connection establishment: net::ERR_CONNECTION_REFUSED @ http://localhost:3012/_next/static/chunks/node_modules_next_dist_client_0fhqo1d._.js:13322
[  235754ms] [ERROR] WebSocket connection to 'ws://localhost:3012/_next/webpack-hmr?id=1jjlcD_lG8n3Czwc4WhOr' failed: Error in connection establishment: net::ERR_CONNECTION_REFUSED @ http://localhost:3012/_next/static/chunks/node_modules_next_dist_client_0fhqo1d._.js:13322
[  239125ms] [ERROR] WebSocket connection to 'ws://localhost:3012/_next/webpack-hmr?id=1jjlcD_lG8n3Czwc4WhOr' failed: Error in connection establishment: net::ERR_CONNECTION_REFUSED @ http://localhost:3012/_next/static/chunks/node_modules_next_dist_client_0fhqo1d._.js:13322
[  246487ms] [ERROR] WebSocket connection to 'ws://localhost:3012/_next/webpack-hmr?id=1jjlcD_lG8n3Czwc4WhOr' failed: Error in connection establishment: net::ERR_CONNECTION_REFUSED @ http://localhost:3012/_next/static/chunks/node_modules_next_dist_client_0fhqo1d._.js:13322
[  253839ms] [ERROR] WebSocket connection to 'ws://localhost:3012/_next/webpack-hmr?id=1jjlcD_lG8n3Czwc4WhOr' failed: Error in connection establishment: net::ERR_CONNECTION_REFUSED @ http://localhost:3012/_next/static/chunks/node_modules_next_dist_client_0fhqo1d._.js:13322
[  261207ms] [ERROR] WebSocket connection to 'ws://localhost:3012/_next/webpack-hmr?id=1jjlcD_lG8n3Czwc4WhOr' failed: Error in connection establishment: net::ERR_CONNECTION_REFUSED @ http://localhost:3012/_next/static/chunks/node_modules_next_dist_client_0fhqo1d._.js:13322
[  268574ms] [ERROR] WebSocket connection to 'ws://localhost:3012/_next/webpack-hmr?id=1jjlcD_lG8n3Czwc4WhOr' failed: Error in connection establishment: net::ERR_CONNECTION_REFUSED @ http://localhost:3012/_next/static/chunks/node_modules_next_dist_client_0fhqo1d._.js:13322
[  275953ms] [ERROR] WebSocket connection to 'ws://localhost:3012/_next/webpack-hmr?id=1jjlcD_lG8n3Czwc4WhOr' failed: Error in connection establishment: net::ERR_CONNECTION_REFUSED @ http://localhost:3012/_next/static/chunks/node_modules_next_dist_client_0fhqo1d._.js:13322
[  283355ms] [ERROR] WebSocket connection to 'ws://localhost:3012/_next/webpack-hmr?id=1jjlcD_lG8n3Czwc4WhOr' failed: Error in connection establishment: net::ERR_CONNECTION_REFUSED @ http://localhost:3012/_next/static/chunks/node_modules_next_dist_client_0fhqo1d._.js:13322
[  290726ms] [ERROR] WebSocket connection to 'ws://localhost:3012/_next/webpack-hmr?id=1jjlcD_lG8n3Czwc4WhOr' failed: Error in connection establishment: net::ERR_CONNECTION_REFUSED @ http://localhost:3012/_next/static/chunks/node_modules_next_dist_client_0fhqo1d._.js:13322
